[ENG]
While playing Text City Mayor you might encounter some errors. Below is a list of them with information about them.

---

Error 001: Database Error
This error happens when something went wrong with reading data from the database. Example could be that there are no records in the database. To fix this you can:
1. Delete the database file/move it to another folder - the game will ask if it should create a new savefile

===

[PL]

---

Podczas gry w Text City Mayor, możesz natrafić na błędy. Poniżej znajduje się lista z informacjami o nich.

---

Error 001: Database Error
Ten błąd pojawia się gdy coś poszło nie tak z czytyaniem danych z bazy danych. Przykładem może być brak rekordów w bazie danych. Aby to naprawić możesz:
1. Usunąć plik z bazą danych/przenieść go do innego folderu - gra spyta Cię czy ma stworzyć kolejny zapis gry
